[myeasytronbot.com/indexb8c2.html]
[backblue.gif]
[fade.gif]
[index.html]
[myeasytronbot.com/apple-icon-57x57.png]
[myeasytronbot.com/apple-icon-60x60.png]
[myeasytronbot.com/apple-icon-72x72.png]
[myeasytronbot.com/apple-icon-76x76.png]
[myeasytronbot.com/apple-icon-114x114.png]
[myeasytronbot.com/apple-icon-120x120.png]
[myeasytronbot.com/apple-icon-144x144.png]
[myeasytronbot.com/apple-icon-152x152.png]
[myeasytronbot.com/apple-icon-180x180.png]
[myeasytronbot.com/android-icon-192x192.png]
[myeasytronbot.com/favicon-32x32.png]
[myeasytronbot.com/favicon-96x96.png]
[myeasytronbot.com/favicon-16x16.png]
[myeasytronbot.com/manifest.json]
[myeasytronbot.com/ms-icon-144x144.png]
[myeasytronbot.com/frontend-app/assets/css/vendor/bootstrap.min.css]
[myeasytronbot.com/frontend-app/assets/css/vendor/slider.min.css]
[myeasytronbot.com/frontend-app/assets/css/main.css]
[myeasytronbot.com/frontend-app/assets/css/vendor/icons.min.css]
[myeasytronbot.com/frontend-app/assets/css/vendor/animation.min.css]
[myeasytronbot.com/frontend-app/assets/css/vendor/gallery.min.css]
[myeasytronbot.com/frontend-app/assets/css/vendor/cookie-notice.min.css]
[myeasytronbot.com/frontend-app/assets/css/estilos.css]
[myeasytronbot.com/frontend-app/assets/css/animacion.css]
[myeasytronbot.com/frontend-app/assets/css/default.css]
[myeasytronbot.com/frontend-app/assets/css/theme-yellow.css]
[myeasytronbot.com/frontend-app/assets/css/anima.css]
[myeasytronbot.com/frontend-app/assets/css/accordion.css]
[cdn.plyr.io/3.4.6/plyr.css]
[myeasytronbot.com/frontend-app/assets/css/video.css]
[myeasytronbot.com/app/loginb8c2.html]
[myeasytronbot.com/index.html]
[myeasytronbot.com/indexd8cc.html]
[myeasytronbot.com/index7be1.html]
[myeasytronbot.com/app/registerb8c2.html]
[myeasytronbot.com/frontend-app/assets/images/bot.png]
[cryptologos.cc/logos/litecoin-ltc-logo.png]
[myeasytronbot.com/frontend-app/assets/js/vendor/jquery.min.js]
[myeasytronbot.com/frontend-app/assets/js/vendor/jquery.easing.min.js]
[myeasytronbot.com/frontend-app/assets/js/vendor/jquery.inview.min.js]
[myeasytronbot.com/frontend-app/assets/js/vendor/popper.min.js]
[myeasytronbot.com/frontend-app/assets/js/vendor/bootstrap.min.js]
[myeasytronbot.com/frontend-app/assets/js/vendor/ponyfill.min.js]
[myeasytronbot.com/frontend-app/assets/js/vendor/slider.min.js]
[myeasytronbot.com/frontend-app/assets/js/vendor/animation.min.js]
[myeasytronbot.com/frontend-app/assets/js/vendor/progress-radial.min.js]
[myeasytronbot.com/frontend-app/assets/js/vendor/bricklayer.min.js]
[myeasytronbot.com/frontend-app/assets/js/vendor/gallery.min.js]
[myeasytronbot.com/frontend-app/assets/js/vendor/shuffle.min.js]
[myeasytronbot.com/frontend-app/assets/js/vendor/particles.min.js]
[myeasytronbot.com/frontend-app/assets/js/main.js]
[myeasytronbot.com/frontend-app/assets/js/accordion.js]
[cdn.plyr.io/3.4.6/plyr.js]
[myeasytronbot.com/frontend-app/assets/js/video.js]
[cdnjs.cloudflare.com/ajax/libs/particles.js/2.0.0/particles.min.js]
[matthew.wagerfield.com/parallax/deploy/jquery.parallax.js]
[myeasytronbot.com/frontend-app/assets/js/anima.js]
[myeasytronbot.com/indexb8c2.html]
[myeasytronbot.com/frontend-app/assets/css/vendor/bootstrap.min.css]
[myeasytronbot.com/frontend-app/assets/css/vendor/slider.min.css]
[myeasytronbot.com/frontend-app/assets/css/main.css]
[myeasytronbot.com/frontend-app/assets/fonts/icons/Icons-Lineb26cb26c.eot]
[myeasytronbot.com/frontend-app/assets/fonts/icons/Icons-Lineb26cb26c.html]
[myeasytronbot.com/frontend-app/assets/fonts/icons/Icons-Lineb26cb26c.ttf]
[myeasytronbot.com/frontend-app/assets/fonts/icons/Icons-Lineb26cb26c.woff]
[myeasytronbot.com/frontend-app/assets/fonts/icons/Icons-Lineb26c-2b26c.html]
[myeasytronbot.com/frontend-app/assets/css/vendor/icons.min.css]
[myeasytronbot.com/frontend-app/assets/css/vendor/animation.min.css]
[myeasytronbot.com/frontend-app/assets/fonts/gallery/Galleryd641d641.eot]
[myeasytronbot.com/frontend-app/assets/fonts/gallery/Galleryd41dd41d.eot]
[myeasytronbot.com/frontend-app/assets/fonts/gallery/Galleryd641d641.woff]
[myeasytronbot.com/frontend-app/assets/fonts/gallery/Galleryd641d641.ttf]
[myeasytronbot.com/frontend-app/assets/images/loading.gif]
[myeasytronbot.com/frontend-app/assets/css/vendor/gallery.min.css]
[myeasytronbot.com/frontend-app/assets/css/vendor/cookie-notice.min.css]
[myeasytronbot.com/frontend-app/assets/css/estilos.css]
[myeasytronbot.com/frontend-app/assets/css/animacion.css]
[myeasytronbot.com/frontend-app/assets/css/default.css]
[myeasytronbot.com/frontend-app/assets/css/theme-yellow.css]
[myeasytronbot.com/frontend-app/assets/css/anima.css]
[myeasytronbot.com/frontend-app/assets/css/accordion.css]
[cdn.plyr.io/3.4.6/plyr.css]
[myeasytronbot.com/frontend-app/assets/css/video.css]
[myeasytronbot.com/app/logind8cc.html]
[myeasytronbot.com/index.html]
[myeasytronbot.com/app/registerd8cc.html]
[myeasytronbot.com/frontend-app/assets/images/logo.svg]
[myeasytronbot.com/frontend-app/assets/images/logo2.svg]
[myeasytronbot.com/indexd8cc.html]
[myeasytronbot.com/img/svg/flags/usa.svg]
[myeasytronbot.com/app/login7be1.html]
[myeasytronbot.com/index7be1.html]
[myeasytronbot.com/app/register7be1.html]
[myeasytronbot.com/img/svg/flags/brazil.svg]
[myeasytronbot.com/frontend-app/css/fontawesome-all.min.css]
[myeasytronbot.com/frontend-app/css/bootstrap.min.css]
[myeasytronbot.com/frontend-app/font/flaticon.css]
[myeasytronbot.com/frontend-app/style.css]
[myeasytronbot.com/frontend-app/img/figure/bg18-l.jpg]
[myeasytronbot.com/app/forgot-passwordb8c2.html]
[myeasytronbot.com/frontend-app/js/jquery-3.5.0.min.js]
[myeasytronbot.com/frontend-app/js/popper.min.js]
[myeasytronbot.com/frontend-app/js/bootstrap.min.js]
[myeasytronbot.com/frontend-app/js/imagesloaded.pkgd.min.js]
[myeasytronbot.com/frontend-app/js/validator.min.js]
[myeasytronbot.com/frontend-app/js/main.js]
[myeasytronbot.com/app/loginb8c2.html]
[myeasytronbot.com/app/register42ca.html]
[myeasytronbot.com/app/registerb8c2.html]
[myeasytronbot.com/app/register26e6.html]
[myeasytronbot.com/frontend-app/assets/images/cell.svg]
[myeasytronbot.com/cdn.rawgit.com/mfd/09b70eb47474836f25a21660282ce0fd/raw/e06a670afcb2b861ed2ac4a1ef752d062ef6b46b/Gilroy.html]
[myeasytronbot.com/frontend-app/assets/fonts/icons/Icons-Lineb26cb26c.html]
[myeasytronbot.com/frontend-app/assets/fonts/icons/Icons-Lineb26c-2b26c.html]
[myeasytronbot.com/frontend-app/assets/fonts/gallery/Galleryd641d641.svg]
[myeasytronbot.com/frontend-app/assets/images/favicon.html]
[myeasytronbot.com/img/svg/flags/spain.svg]
[myeasytronbot.com/app/logind8cc.html]
[myeasytronbot.com/app/forgot-passwordd8cc.html]
[myeasytronbot.com/app/register0e57.html]
[myeasytronbot.com/app/registerd8cc.html]
[myeasytronbot.com/app/register2829.html]
[myeasytronbot.com/app/login7be1.html]
[myeasytronbot.com/app/forgot-password7be1.html]
[myeasytronbot.com/app/register376d.html]
[myeasytronbot.com/app/register7be1.html]
[myeasytronbot.com/app/register00d7.html]
[myeasytronbot.com/frontend-app/css/bootstrap.min.css]
[myeasytronbot.com/frontend-app/webfonts/fa-brands-400.eot]
[myeasytronbot.com/frontend-app/webfonts/fa-brands-400d41dd41d.eot]
[myeasytronbot.com/frontend-app/webfonts/fa-brands-400.woff2]
[myeasytronbot.com/frontend-app/webfonts/fa-brands-400.woff]
[myeasytronbot.com/frontend-app/webfonts/fa-brands-400.ttf]
[myeasytronbot.com/frontend-app/webfonts/fa-brands-400.html]
[myeasytronbot.com/frontend-app/webfonts/fa-regular-400.eot]
[myeasytronbot.com/frontend-app/webfonts/fa-regular-400d41dd41d.eot]
[myeasytronbot.com/frontend-app/webfonts/fa-regular-400.woff2]
[myeasytronbot.com/frontend-app/webfonts/fa-regular-400.woff]
[myeasytronbot.com/frontend-app/webfonts/fa-regular-400.ttf]
[myeasytronbot.com/frontend-app/webfonts/fa-regular-400.html]
[myeasytronbot.com/frontend-app/webfonts/fa-solid-900.eot]
[myeasytronbot.com/frontend-app/webfonts/fa-solid-900d41dd41d.eot]
[myeasytronbot.com/frontend-app/webfonts/fa-solid-900.woff2]
[myeasytronbot.com/frontend-app/webfonts/fa-solid-900.woff]
[myeasytronbot.com/frontend-app/webfonts/fa-solid-900.ttf]
[myeasytronbot.com/frontend-app/webfonts/fa-solid-900.html]
[myeasytronbot.com/frontend-app/css/fontawesome-all.min.css]
[myeasytronbot.com/frontend-app/font/Flaticon.eot]
[myeasytronbot.com/frontend-app/font/Flaticond41dd41d.eot]
[myeasytronbot.com/frontend-app/font/Flaticon.woff2]
[myeasytronbot.com/frontend-app/font/Flaticon.woff]
[myeasytronbot.com/frontend-app/font/Flaticon.ttf]
[myeasytronbot.com/frontend-app/font/flaticon.css]
[myeasytronbot.com/frontend-app/style.css]
[myeasytronbot.com/frontend-app/img/logo.svg]
[myeasytronbot.com/app/forgot-passwordb8c2.html]
[myeasytronbot.com/app/register42ca.html]
[myeasytronbot.com/app/forgot-password5c99.html]
[myeasytronbot.com/app/register26e6.html]
[myeasytronbot.com/app/register23ed.html]
[myeasytronbot.com/app/forgot-passwordd8cc.html]
[myeasytronbot.com/app/register0e57.html]
[myeasytronbot.com/app/forgot-password51b1.html]
[myeasytronbot.com/app/register2829.html]
[myeasytronbot.com/app/register1f5e.html]
[myeasytronbot.com/app/forgot-password7be1.html]
[myeasytronbot.com/app/register376d.html]
[myeasytronbot.com/app/forgot-password634a.html]
[myeasytronbot.com/app/register00d7.html]
[myeasytronbot.com/frontend-app/webfonts/fa-brands-400.html]
[myeasytronbot.com/frontend-app/webfonts/fa-regular-400.html]
[myeasytronbot.com/frontend-app/webfonts/fa-solid-900.html]
[myeasytronbot.com/frontend-app/font/Flaticon.svg]
[myeasytronbot.com/app/forgot-password5c99.html]
[myeasytronbot.com/app/register23ed.html]
[myeasytronbot.com/app/forgot-password51b1.html]
[myeasytronbot.com/app/register1f5e.html]
[myeasytronbot.com/app/forgot-password634a.html]
[myeasytronbot.com/app/registerfc90.html]
[myeasytronbot.com/app/registerfc90.html]
